

=================================
CSE1325 Library Management System
=================================

Publications
------------
(1) Add publication
(2) List all publications
(3) Check out publication
(4) Check in publication

Utility
-------
(9) Help
(0) Exit



----------------------------
List of Library Publications
----------------------------
0) "Foundation" by Isaac Asimov, 1942 (adult fiction book) ISBN: 0385177259
1) "Foundation and Empire" by Isaac Asimov, 1943 (adult fiction book) ISBN: 0385177259
Checked out to Curly (817-555-1212)
2) "Second Foundation" by Isaac Asimov, 1944 (adult fiction book) ISBN: 0385177259
3) "War of the Worlds" by Jeff Wayne, 1977 (teen performance audio) ISBN: 9780711969148
4) "Willy Wonka and the Chocolate Factory" by Roald Dahl, 1971 (children performance video) ISBN: 0142410314

Verify output for pass or fail
